============================= test session starts =============================
platform win32 -- Python 3.10.11, pytest-9.0.1, pluggy-1.6.0
rootdir: C:\Users\trand\Desktop\DATN-2025
configfile: pytest.ini
testpaths: tests
plugins: anyio-4.12.1, Faker-38.0.0, asyncio-1.3.0, html-4.1.1, metadata-3.1.1
asyncio: mode=auto, debug=False, asyncio_default_fixture_loop_scope=None, asyncio_default_test_loop_scope=function
collected 3 items

tests\test_core.py .                                                     [ 33%]
tests\test_llm.py ..                                                     [100%]

============================== 3 passed in 3.35s ==============================
